mysql> use bank
Database changed
mysql> show tables;
+----------------+
| Tables_in_bank |
+----------------+
| account        |
| customer       |
| employee       |
| transaction    |
+----------------+
4 rows in set (0.03 sec)

mysql> select * from customer;
Empty set (0.00 sec)

mysql> select * from employee;
Empty set (0.02 sec)

mysql> desc customer;
+------------+--------------+------+-----+---------+-------+
| Field      | Type         | Null | Key | Default | Extra |
+------------+--------------+------+-----+---------+-------+
| customerid | int          | NO   | PRI | NULL    |       |
| name       | varchar(90)  | YES  |     | NULL    |       |
| address    | varchar(250) | YES  |     | NULL    |       |
| contact_no | varchar(10)  | YES  |     | NULL    |       |
| email_id   | varchar(80)  | YES  |     | NULL    |       |
+------------+--------------+------+-----+---------+-------+
5 rows in set (0.01 sec)

mysql> desc employee;
+-------------+---------------+------+-----+---------+-------+
| Field       | Type          | Null | Key | Default | Extra |
+-------------+---------------+------+-----+---------+-------+
| employee_id | int           | NO   | PRI | NULL    |       |
| name        | varchar(110)  | YES  |     | NULL    |       |
| salary      | decimal(10,2) | YES  |     | NULL    |       |
| role        | varchar(60)   | YES  |     | NULL    |       |
+-------------+---------------+------+-----+---------+-------+
4 rows in set (0.00 sec)

mysql> desc account;
+---------------+-------------+------+-----+---------+-------+
| Field         | Type        | Null | Key | Default | Extra |
+---------------+-------------+------+-----+---------+-------+
| accountnumber | int         | NO   | PRI | NULL    |       |
| customerid    | int         | YES  | MUL | NULL    |       |
| account_type  | varchar(50) | YES  |     | NULL    |       |
+---------------+-------------+------+-----+---------+-------+
3 rows in set (0.00 sec)

mysql> desc transaction;
+------------------+---------------+------+-----+---------+-------+
| Field            | Type          | Null | Key | Default | Extra |
+------------------+---------------+------+-----+---------+-------+
| transaction_id   | int           | NO   | PRI | NULL    |       |
| accountnumber    | int           | YES  | MUL | NULL    |       |
| transaction_date | date          | YES  |     | NULL    |       |
| amount           | decimal(12,2) | YES  |     | NULL    |       |
+------------------+---------------+------+-----+---------+-------+
4 rows in set (0.00 sec)

mysql> alter table customer add foreign key (customerid) references employee (employee_id;
ERROR 1064 (42000): You have an error in your SQL syntax; check the manual that corresponds to your MySQL server version for the right syntax to use near '' at line 1
mysql> alter table customer add foreign key (customerid) references employee (employee_id);
Query OK, 0 rows affected (0.14 sec)
Records: 0  Duplicates: 0  Warnings: 0

mysql> desc customer;
+------------+--------------+------+-----+---------+-------+
| Field      | Type         | Null | Key | Default | Extra |
+------------+--------------+------+-----+---------+-------+
| customerid | int          | NO   | PRI | NULL    |       |
| name       | varchar(90)  | YES  |     | NULL    |       |
| address    | varchar(250) | YES  |     | NULL    |       |
| contact_no | varchar(10)  | YES  |     | NULL    |       |
| email_id   | varchar(80)  | YES  |     | NULL    |       |
+------------+--------------+------+-----+---------+-------+
5 rows in set (0.00 sec)

mysql> desc employee;
+-------------+---------------+------+-----+---------+-------+
| Field       | Type          | Null | Key | Default | Extra |
+-------------+---------------+------+-----+---------+-------+
| employee_id | int           | NO   | PRI | NULL    |       |
| name        | varchar(110)  | YES  |     | NULL    |       |
| salary      | decimal(10,2) | YES  |     | NULL    |       |
| role        | varchar(60)   | YES  |     | NULL    |       |
+-------------+---------------+------+-----+---------+-------+
4 rows in set (0.01 sec)

mysql> SHOW CREATE TABLE customer;
+----------+-------------------------------------------------------------------------------------------------------------------------------------------------------------------------------------------------------------------------------------------------------------------------------------------------------------------------------------------------------------------------------------------------------------------+
| Table    | Create Table                                                                                                                                                                                                                                                                                                                                                                                                      |
+----------+-------------------------------------------------------------------------------------------------------------------------------------------------------------------------------------------------------------------------------------------------------------------------------------------------------------------------------------------------------------------------------------------------------------------+
| customer | CREATE TABLE `customer` (
  `customerid` int NOT NULL,
  `name` varchar(90) DEFAULT NULL,
  `address` varchar(250) DEFAULT NULL,
  `contact_no` varchar(10) DEFAULT NULL,
  `email_id` varchar(80) DEFAULT NULL,
  PRIMARY KEY (`customerid`),
  CONSTRAINT `customer_ibfk_1` FOREIGN KEY (`customerid`) REFERENCES `employee` (`employee_id`)
) ENGINE=InnoDB DEFAULT CHARSET=utf8mb4 COLLATE=utf8mb4_0900_ai_ci |
+----------+-------------------------------------------------------------------------------------------------------------------------------------------------------------------------------------------------------------------------------------------------------------------------------------------------------------------------------------------------------------------------------------------------------------------+
1 row in set (0.03 sec)

mysql> insert into customer (customerid,name ,address,contact_no,email_id) values (101,"Jay","Talegon",9764257865,'jay234@gmail.com'),(102,"Raj","Pune",84563458,'Raj78@gmail.com'),(103,"Soni","Beed",876505435,'Soni99@gmail.com');
ERROR 1452 (23000): Cannot add or update a child row: a foreign key constraint fails (`bank`.`customer`, CONSTRAINT `customer_ibfk_1` FOREIGN KEY (`customerid`) REFERENCES `employee` (`employee_id`))
mysql> alter table customer drop foreign key (customerid);
ERROR 1064 (42000): You have an error in your SQL syntax; check the manual that corresponds to your MySQL server version for the right syntax to use near '(customerid)' at line 1
mysql> alter table customer drop foreign key customerid;
ERROR 1091 (42000): Can't DROP 'customerid'; check that column/key exists
mysql> alter table customer drop foreign key employeeid;
ERROR 1091 (42000): Can't DROP 'employeeid'; check that column/key exists
mysql> alter table customer drop foreign key  customerid;
ERROR 1091 (42000): Can't DROP 'customerid'; check that column/key exists
mysql> alter table customer drop foreign key customer_ibfk_1;
Query OK, 0 rows affected (0.04 sec)
Records: 0  Duplicates: 0  Warnings: 0

mysql> insert into customer (customerid,name ,address,contact_no,email_id) values (101,"Jay","Talegon",9764257865,'jay234@gmail.com'),(102,"Raj","Pune",84563458,'Raj78@gmail.com'),(103,"Soni","Beed",876505435,'Soni99@gmail.com');
Query OK, 3 rows affected (0.02 sec)
Records: 3  Duplicates: 0  Warnings: 0

mysql> insert into employee ((employee_id,name ,salary ,role) values (7008,'Roy',700000,'HR'),(7009,'Paul',500000,"programmer"),(7005,'Rani',800000,"Manager');
    ">
    "> insert into employee (employee_id,name ,salary ,role) values (7008,'Roy',700000,'HR'),(7009,'Paul',500000,"programmer"),(7005,'Rani',800000,"Manager');
    '> insert into employee (employee_id,name ,salary ,role) values (7008,'Roy',700000,'HR'),(7009,'Paul',500000,"programmer"),(7005,'Rani',800000,"Manager");
    '>
    '> insert into employee (employee_id,name ,salary ,role) values (7008,'Roy',700000.00,"HR"),(7009,'Paul',500000.00,"programmer"),(7005,'Rani',800000.00,"Manager");
    '> alter table customer drop foreign key  customerid;
    '> insert into employee (employee_id, name ,salary, role) values (703,'Roy',56800.00 ,'Manager'),(710,'Rani',987600.00, 'HR'),(717,'Paul',60050.00,'Senior Developer');
    '> insert into employee (employee_id, name ,salary, role) values (703,"Roy",56800.00 ,"Manager"),(710,"Rani",987600.00, "HR"),(717,"Paul",60050.00,"Senior Developer");
    '> ^C
mysql> INSERT INTO employee (employee_id, name, salary, role)
    -> VALUES
    ->     (7008, 'Roy', 700000.00, 'HR'),
    ->     (7009, 'Paul', 500000.00, 'Programmer'),
    ->     (7005, 'Rani', 800000.00, 'Manager');
Query OK, 3 rows affected (0.01 sec)
Records: 3  Duplicates: 0  Warnings: 0

mysql> select * from customer;
+------------+------+---------+------------+------------------+
| customerid | name | address | contact_no | email_id         |
+------------+------+---------+------------+------------------+
|        101 | Jay  | Talegon | 9764257865 | jay234@gmail.com |
|        102 | Raj  | Pune    | 84563458   | Raj78@gmail.com  |
|        103 | Soni | Beed    | 876505435  | Soni99@gmail.com |
+------------+------+---------+------------+------------------+
3 rows in set (0.01 sec)

mysql> select * from employee;
+-------------+------+-----------+------------+
| employee_id | name | salary    | role       |
+-------------+------+-----------+------------+
|        7005 | Rani | 800000.00 | Manager    |
|        7008 | Roy  | 700000.00 | HR         |
|        7009 | Paul | 500000.00 | Programmer |
+-------------+------+-----------+------------+
3 rows in set (0.00 sec)

mysql> update customer set name='John' where customerid=102;
Query OK, 1 row affected (0.01 sec)
Rows matched: 1  Changed: 1  Warnings: 0

mysql> insert into employee (employee_id, name ,salary, role) values (713,"Jack",78500.00 ,"Senior Developer");
Query OK, 1 row affected (0.01 sec)

mysql> delete from customer where customerid=7008;
Query OK, 0 rows affected (0.00 sec)

mysql> select * from customer;
+------------+------+---------+------------+------------------+
| customerid | name | address | contact_no | email_id         |
+------------+------+---------+------------+------------------+
|        101 | Jay  | Talegon | 9764257865 | jay234@gmail.com |
|        102 | John | Pune    | 84563458   | Raj78@gmail.com  |
|        103 | Soni | Beed    | 876505435  | Soni99@gmail.com |
+------------+------+---------+------------+------------------+
3 rows in set (0.00 sec)

mysql> select * from employee;
+-------------+------+-----------+------------------+
| employee_id | name | salary    | role             |
+-------------+------+-----------+------------------+
|         713 | Jack |  78500.00 | Senior Developer |
|        7005 | Rani | 800000.00 | Manager          |
|        7008 | Roy  | 700000.00 | HR               |
|        7009 | Paul | 500000.00 | Programmer       |
+-------------+------+-----------+------------------+
4 rows in set (0.00 sec)

mysql> update employee set employee_id=7013 where name='Jack';
Query OK, 1 row affected (0.01 sec)
Rows matched: 1  Changed: 1  Warnings: 0

mysql> select * from employee;
+-------------+------+-----------+------------------+
| employee_id | name | salary    | role             |
+-------------+------+-----------+------------------+
|        7005 | Rani | 800000.00 | Manager          |
|        7008 | Roy  | 700000.00 | HR               |
|        7009 | Paul | 500000.00 | Programmer       |
|        7013 | Jack |  78500.00 | Senior Developer |
+-------------+------+-----------+------------------+
4 rows in set (0.00 sec)

mysql> Alter table employeee add age int;
ERROR 1146 (42S02): Table 'bank.employeee' doesn't exist
mysql> Alter table employee add age int;
Query OK, 0 rows affected (0.04 sec)
Records: 0  Duplicates: 0  Warnings: 0

mysql> select * from employee;
+-------------+------+-----------+------------------+------+
| employee_id | name | salary    | role             | age  |
+-------------+------+-----------+------------------+------+
|        7005 | Rani | 800000.00 | Manager          | NULL |
|        7008 | Roy  | 700000.00 | HR               | NULL |
|        7009 | Paul | 500000.00 | Programmer       | NULL |
|        7013 | Jack |  78500.00 | Senior Developer | NULL |
+-------------+------+-----------+------------------+------+
4 rows in set (0.00 sec)

mysql> Alter table employeee drop role;
ERROR 1146 (42S02): Table 'bank.employeee' doesn't exist
mysql> Alter table employee drop role;
Query OK, 0 rows affected (0.03 sec)
Records: 0  Duplicates: 0  Warnings: 0

mysql> select * from employee;
+-------------+------+-----------+------+
| employee_id | name | salary    | age  |
+-------------+------+-----------+------+
|        7005 | Rani | 800000.00 | NULL |
|        7008 | Roy  | 700000.00 | NULL |
|        7009 | Paul | 500000.00 | NULL |
|        7013 | Jack |  78500.00 | NULL |
+-------------+------+-----------+------+
4 rows in set (0.00 sec)

mysql> Alter table employee change salary int;
ERROR 1064 (42000): You have an error in your SQL syntax; check the manual that corresponds to your MySQL server version for the right syntax to use near 'int' at line 1
mysql> Alter table employee modify salary int;
Query OK, 4 rows affected (0.09 sec)
Records: 4  Duplicates: 0  Warnings: 0

mysql> desc employee;
+-------------+--------------+------+-----+---------+-------+
| Field       | Type         | Null | Key | Default | Extra |
+-------------+--------------+------+-----+---------+-------+
| employee_id | int          | NO   | PRI | NULL    |       |
| name        | varchar(110) | YES  |     | NULL    |       |
| salary      | int          | YES  |     | NULL    |       |
| age         | int          | YES  |     | NULL    |       |
+-------------+--------------+------+-----+---------+-------+
4 rows in set (0.01 sec)

mysql> Alter table employee change employee_id empid int;
Query OK, 0 rows affected (0.03 sec)
Records: 0  Duplicates: 0  Warnings: 0

mysql> select * from employee;
+-------+------+--------+------+
| empid | name | salary | age  |
+-------+------+--------+------+
|  7005 | Rani | 800000 | NULL |
|  7008 | Roy  | 700000 | NULL |
|  7009 | Paul | 500000 | NULL |
|  7013 | Jack |  78500 | NULL |
+-------+------+--------+------+
4 rows in set (0.00 sec)

mysql> alter table customer add foreign key (customerid) references employee (empid);
ERROR 1452 (23000): Cannot add or update a child row: a foreign key constraint fails (`bank`.`#sql-1980_8`, CONSTRAINT `customer_ibfk_1` FOREIGN KEY (`customerid`) REFERENCES `employee` (`empid`))
mysql> ALTER TABLE customer
    -> ADD CONSTRAINT fk_customer_employee
    -> FOREIGN KEY (customerid) REFERENCES employee(employee_id);
ERROR 3734 (HY000): Failed to add the foreign key constraint. Missing column 'employee_id' for constraint 'fk_customer_employee' in the referenced table 'employee'
mysql> ALTER TABLE customer
    -> ADD CONSTRAINT fk_customer_employee
    -> FOREIGN KEY (customerid) REFERENCES employee(empid);
ERROR 1452 (23000): Cannot add or update a child row: a foreign key constraint fails (`bank`.`#sql-1980_8`, CONSTRAINT `fk_customer_employee` FOREIGN KEY (`customerid`) REFERENCES `employee` (`empid`))
mysql> ALTER TABLE customer ADD CONSTRAINT unique_email UNIQUE (email);
ERROR 1072 (42000): Key column 'email' doesn't exist in table
mysql> ALTER TABLE customer ADD CONSTRAINT unique_email UNIQUE (email_id);
Query OK, 0 rows affected (0.10 sec)
Records: 0  Duplicates: 0  Warnings: 0

mysql> desc customer
    -> desc customer;
ERROR 1064 (42000): You have an error in your SQL syntax; check the manual that corresponds to your MySQL server version for the right syntax to use near 'desc customer' at line 2
mysql> desc customer;
+------------+--------------+------+-----+---------+-------+
| Field      | Type         | Null | Key | Default | Extra |
+------------+--------------+------+-----+---------+-------+
| customerid | int          | NO   | PRI | NULL    |       |
| name       | varchar(90)  | YES  |     | NULL    |       |
| address    | varchar(250) | YES  |     | NULL    |       |
| contact_no | varchar(10)  | YES  |     | NULL    |       |
| email_id   | varchar(80)  | YES  | UNI | NULL    |       |
+------------+--------------+------+-----+---------+-------+
5 rows in set (0.00 sec)

mysql> ALTER TABLE customer MODIFY contact_no int NOT MULL;
ERROR 1064 (42000): You have an error in your SQL syntax; check the manual that corresponds to your MySQL server version for the right syntax to use near 'MULL' at line 1
mysql> ALTER TABLE customer MODIFY contact_no int NOT NULL;
ERROR 1264 (22003): Out of range value for column 'contact_no' at row 1
mysql> ALTER TABLE customer MODIFY name varchar(60) NOT NULL;
Query OK, 3 rows affected (0.14 sec)
Records: 3  Duplicates: 0  Warnings: 0

mysql> desc customer;
+------------+--------------+------+-----+---------+-------+
| Field      | Type         | Null | Key | Default | Extra |
+------------+--------------+------+-----+---------+-------+
| customerid | int          | NO   | PRI | NULL    |       |
| name       | varchar(60)  | NO   |     | NULL    |       |
| address    | varchar(250) | YES  |     | NULL    |       |
| contact_no | varchar(10)  | YES  |     | NULL    |       |
| email_id   | varchar(80)  | YES  | UNI | NULL    |       |
+------------+--------------+------+-----+---------+-------+
5 rows in set (0.00 sec)